dependencies:
- alias: expose
  name: exposecontroller
  repository: http://chartmuseum.jenkins-x.io
  version: 2.3.118
- alias: cleanup
  name: exposecontroller
  repository: http://chartmuseum.jenkins-x.io
  version: 2.3.118
- name: myapp
  repository: http://chartmuseum-jx.34.78.195.22.nip.io
  version: 1.2.4
