FETCH_DIR := build/base
OUTPUT_DIR := config-root

.PHONY: clean
clean:
	rm -rf build $(OUTPUT_DIR)

init:
	mkdir -p $(FETCH_DIR)
	mkdir -p $(OUTPUT_DIR)/namespaces/jx
	cp -r src/* build
	mkdir -p $(FETCH_DIR)/cluster/crds
	mkdir -p $(FETCH_DIR)/namespaces/nginx
	mkdir -p $(FETCH_DIR)/namespaces/vault-infra


.PHONY: fetch
fetch: init
	kpt pkg get https://github.com/jenkins-x/jxr-kube-resources.git/jx-labs/jenkins-x-crds@master $(FETCH_DIR)/cluster/crds
	- kpt pkg get https://github.com/jenkins-x/jxr-kube-resources.git/jenkins-x/jx@master $(FETCH_DIR)/namespaces/jx
	kpt pkg get https://github.com/jenkins-x/jxr-kube-resources.git/jenkins-x/jxboot-helmfile-resources@master $(FETCH_DIR)/namespaces/jx
	kpt pkg get https://github.com/myorg/myapp.git/kubernetess@v1.2.3 $(FETCH_DIR)/namespaces/jx

	# this step is not required if using `helm template --namespace` for each chart
	jx-gitops namespace --dir-mode --dir $(FETCH_DIR)/namespaces
