FETCH_DIR := build/base
OUTPUT_DIR := config-root

.PHONY: clean
clean:
	rm -rf build $(OUTPUT_DIR)

init:
	mkdir -p $(FETCH_DIR)
	mkdir -p $(OUTPUT_DIR)/namespaces/jx
	cp -r src/* build
	mkdir -p $(FETCH_DIR)/cluster/crds
	mkdir -p $(FETCH_DIR)/namespaces/nginx
	mkdir -p $(FETCH_DIR)/namespaces/vault-infra


.PHONY: fetch
fetch: init
	helm template --namespace jx --version 1.2.3 myapp dev/myapp

.PHONY: build
build: init